[wantedfornothing.com/index.html]
[backblue.gif]
[fade.gif]
[index.html]
[wantedfornothing.com/wp-content/uploads/2018/11/cropped-favicon-32x32.png]
[wantedfornothing.com/wp-content/uploads/2019/02/wfn_avatar_instagram_avatar_1.png]
[wantedfornothing.com/wp-content/mmr/2c571910-1572344851.min.css]
[wantedfornothing.com/homepage/feed/index.html]
[wantedfornothing.com/xmlrpc0db0.php]
[wantedfornothing.com/wp-json/index.html]
[wantedfornothing.com/wp-includes/wlwmanifest.xml]
[wantedfornothing.com/wp-json/oembed/1.0/embed0172.json]
[wantedfornothing.com/wp-json/oembed/1.0/embed0404]
[wantedfornothing.com/wp-content/uploads/2018/11/cropped-favicon-192x192.png]
[wantedfornothing.com/wp-content/uploads/2018/11/cropped-favicon-180x180.png]
[connect.facebook.net/en_US/fbevents.js]
[snap.licdn.com/li.lms-analytics/insight.min.js]
[wantedfornothing.com/wp-content/uploads/2018/11/wfn-logo.svg]
[wantedfornothing.com/wp-content/themes/wfn/circle.mp4]
[wantedfornothing.com/services/index.html]
[wantedfornothing.com/works/index.html]
[wantedfornothing.com/wp-content/themes/wfn/circle.ogv]
[wantedfornothing.com/contact/index.html]
[wantedfornothing.com/our-story/index.html]
[wantedfornothing.com/get-a-quote/index.html]
[wantedfornothing.com/wp-content/themes/wfn/circle.webm]
[wantedfornothing.com/terms-of-use/index.html]
[wantedfornothing.com/privacy-policy/index.html]
[wantedfornothing.com/wp-content/uploads/2018/10/services-icon-ui.svg]
[wantedfornothing.com/services/ui-design/index.html]
[wantedfornothing.com/wp-content/uploads/2018/10/services-icon-ux.svg]
[wantedfornothing.com/services/ux-design/index.html]
[wantedfornothing.com/wp-content/uploads/2018/10/services-icon-branding.svg]
[wantedfornothing.com/services/branding/index.html]
[wantedfornothing.com/wp-content/uploads/2018/10/services-icon-animation-1.svg]
[wantedfornothing.com/services/animations/index.html]
[wantedfornothing.com/wp-content/uploads/2018/10/services-icon-websites.svg]
[wantedfornothing.com/services/web-development/index.html]
[wantedfornothing.com/wp-content/uploads/2018/10/services-icon-ecommerce.svg]
[wantedfornothing.com/services/e-commerce/index.html]
[wantedfornothing.com/wp-content/uploads/2018/10/services-icon-apps.svg]
[wantedfornothing.com/services/web-applications/index.html]
[wantedfornothing.com/wp-content/uploads/2018/10/tech-consultancy-icon.svg]
[wantedfornothing.com/services/tech-consultancy/index.html]
[wantedfornothing.com/wp-content/uploads/2018/10/quantum-banner-desktop-700x350.jpg]
[wantedfornothing.com/works/quantum-sponsor/index.html]
[wantedfornothing.com/wp-content/uploads/2019/01/telmd-banner-desktop-700x350.jpg]
[wantedfornothing.com/works/telmd/index.html]
[wantedfornothing.com/wp-content/uploads/2018/10/matboard-banner-desktop-cropped-700x350.jpg]
[wantedfornothing.com/works/mbc/index.html]
[wantedfornothing.com/wp-content/uploads/2018/10/works-img-1-1-700x350.png]
[wantedfornothing.com/works/sporteluxe/index.html]
[wantedfornothing.com/wp-content/uploads/2019/10/hero-copy-700x350.png]
[wantedfornothing.com/works/anna-rowley/index.html]
[wantedfornothing.com/wp-content/uploads/2019/10/Untitled-14-copy-700x350.jpg]
[wantedfornothing.com/works/vista-point-mortgage/index.html]
[wantedfornothing.com/wp-content/uploads/2019/02/Marcell.png]
[wantedfornothing.com/wp-content/mmr/86fb1a57-1568887137.min.js]
[www.google.com/recaptcha/apie667.js]
[wantedfornothing.com/index.html]
[wantedfornothing.com/wp-content/mmr/6cb0c49f-1568887136.min.js]
[wantedfornothing.com/wp-content/plugins/contact-form-7/images/ajax-loader.gif]
[wantedfornothing.com/wp-content/themes/wfn/assets/fonts/AvenirLTStd-Light.otf]
[wantedfornothing.com/wp-content/themes/wfn/assets/fonts/AvenirLTStd-Roman.otf]
[wantedfornothing.com/wp-content/themes/wfn/assets/fonts/AvenirLTStd-Medium.woff]
[wantedfornothing.com/wp-content/themes/wfn/assets/fonts/AvenirLT-Heavy.ttf]
[wantedfornothing.com/wp-content/themes/wfn/assets/fonts/AvenirLTStd-Black.ttf]
[wantedfornothing.com/wp-content/themes/wfn/assets/fonts/AvenirLTStd-Black.woff]
[wantedfornothing.com/wp-content/themes/wfn/assets/fonts/AvenirLTStd-Black.woff2]
[wantedfornothing.com/wp-content/themes/wfn/assets/images/mobile-bg.png]
[wantedfornothing.com/wp-content/themes/wfn/assets/images/logo-bg.png]
[wantedfornothing.com/wp-content/mmr/2c571910-1572344851.min.css]
[www.googletagmanager.com/gtm5445.html]
[wantedfornothing.com/technologies/braintree/index.html]
[wantedfornothing.com/POST]
[connect.facebook.net/en_US/fbevents.js]
[px.ads.linkedin.com/insight_tag_errorsd41d.gif]
[snap.licdn.com/li.lms-analytics/insight.min.js]
[wantedfornothing.com/wp-content/uploads/2018/11/wfn-logo.svg]
[wantedfornothing.com/services/index.html]
[wantedfornothing.com/wp-json/oembed/1.0/embed4df7.json]
[wantedfornothing.com/wp-json/oembed/1.0/embed1c68]
[wantedfornothing.com/wp-content/uploads/2018/10/quantum-banner-desktop.jpg]
[wantedfornothing.com/wp-content/uploads/2018/10/quantum-banner-mobile.jpg]
[wantedfornothing.com/wp-content/uploads/2019/01/telmd-banner-desktop-1920x1080.jpg]
[wantedfornothing.com/wp-content/uploads/2019/01/telmd-banner-mobile.jpg]
[wantedfornothing.com/wp-content/uploads/2018/10/matboard-banner-desktop-cropped.jpg]
[wantedfornothing.com/wp-content/uploads/2018/10/matboard-banner-mobile.jpg]
[wantedfornothing.com/wp-content/uploads/2018/10/works-img-1-1.png]
[wantedfornothing.com/wp-content/uploads/2018/10/sporteluxe-mobile.png]
[wantedfornothing.com/wp-content/uploads/2019/10/hero-copy.png]
[wantedfornothing.com/wp-content/uploads/2019/10/Untitled-1.jpg]
[wantedfornothing.com/wp-content/uploads/2019/10/Untitled-14-copy.jpg]
[wantedfornothing.com/wp-content/uploads/2019/10/Untitled-14.jpg]
[wantedfornothing.com/wp-content/uploads/2018/12/ilec-banner-desktop.jpg]
[wantedfornothing.com/wp-content/uploads/2018/12/ilec-banner-mobile.jpg]
[wantedfornothing.com/works/index.html]
[wantedfornothing.com/works/ilec/index.html]
[wantedfornothing.com/wp-json/oembed/1.0/embed96ec.json]
[wantedfornothing.com/wp-json/oembed/1.0/embed3d09]
[wantedfornothing.com/wp-content/uploads/2018/11/about-icon-plus.svg]
[wantedfornothing.com/wp-content/uploads/2018/11/about-icon-heart.svg]
[wantedfornothing.com/wp-content/uploads/2018/11/about-icon-diverse-team-.svg]
[wantedfornothing.com/wp-content/uploads/2018/10/services-icon-platforms.svg]
[wantedfornothing.com/wp-content/uploads/2018/11/value-cretion-icon.svg]
[wantedfornothing.com/wp-content/uploads/2018/12/about-team-icon-1.svg]
[wantedfornothing.com/wp-content/uploads/2018/12/IMG_1820-BW-cropped.jpg]
[wantedfornothing.com/wp-content/uploads/2018/11/IMG_0810-2-cropped-950.jpg]
[wantedfornothing.com/wp-content/uploads/2018/11/IMG_0785-2-cropped-950.jpg]
[wantedfornothing.com/wp-content/uploads/2018/11/IMG_0715-2-cropped-950.jpg]
[wantedfornothing.com/wp-content/uploads/2018/11/IMG_0752-2-cropped-950.jpg]
[wantedfornothing.com/our-story/index.html]
[wantedfornothing.com/wp-json/oembed/1.0/embeda164.json]
[wantedfornothing.com/wp-json/oembed/1.0/embed9b4e]
[wantedfornothing.com/contact/index.html]
[wantedfornothing.com/wp-content/mmr/0ec4bef9-1568887136.min.js]
[wantedfornothing.com/wp-json/oembed/1.0/embed1169.json]
[wantedfornothing.com/get-a-quote/index.html]
[wantedfornothing.com/terms-of-use/index.html]
[wantedfornothing.com/privacy-policy/index.html]
[wantedfornothing.com/wp-json/oembed/1.0/embeddcc2]
[wantedfornothing.com/wp-json/oembed/1.0/embeda4fe.json]
[wantedfornothing.com/wp-content/mmr/6823c614-1568887137.min.js]
[wantedfornothing.com/wp-json/oembed/1.0/embed7864]
[wantedfornothing.com/wp-content/uploads/2019/01/sketch-1.svg]
[wantedfornothing.com/wp-content/uploads/2019/01/photoshop-1.svg]
[wantedfornothing.com/wp-content/uploads/2019/01/adobe-1.svg]
[wantedfornothing.com/wp-content/uploads/2019/01/zeplin.svg]
[wantedfornothing.com/wp-content/uploads/2019/01/invision.svg]
[wantedfornothing.com/wp-content/mmr/613e102b-1549626794.min.js]
[wantedfornothing.com/services/ui-design/index.html]
[wantedfornothing.com/wp-content/uploads/2018/10/services-icon-ui.svg]
[wantedfornothing.com/wp-content/mmr/031d13b1-1568887136.min.js]
[wantedfornothing.com/wp-json/oembed/1.0/embed565d.json]
[wantedfornothing.com/wp-json/oembed/1.0/embed2cab]
[wantedfornothing.com/services/ux-design/index.html]
[wantedfornothing.com/wp-content/uploads/2018/10/services-icon-ux.svg]
[wantedfornothing.com/wp-content/uploads/2019/01/figma.svg]
[wantedfornothing.com/wp-json/oembed/1.0/embed9cb0.json]
[wantedfornothing.com/services/branding/index.html]
[wantedfornothing.com/wp-content/uploads/2018/10/services-icon-branding.svg]
[wantedfornothing.com/wp-json/oembed/1.0/embedfd49]
[wantedfornothing.com/wp-json/oembed/1.0/embed92a4.json]
[wantedfornothing.com/wp-json/oembed/1.0/embeda4ae]
[wantedfornothing.com/wp-content/uploads/2019/01/adobe-ae.svg]
[wantedfornothing.com/wp-content/uploads/2019/01/adobe-round-xd-1.svg]
[wantedfornothing.com/wp-content/uploads/2018/12/ilec-banner-desktop-700x350.jpg]
[wantedfornothing.com/services/animations/index.html]
[wantedfornothing.com/wp-content/uploads/2018/10/services-icon-animation-1.svg]
[wantedfornothing.com/wp-json/oembed/1.0/embede8ea.json]
[wantedfornothing.com/wp-json/oembed/1.0/embed437f]
[wantedfornothing.com/wp-content/uploads/2018/11/services-case-logo-6.png]
[wantedfornothing.com/wp-content/uploads/2018/11/services-case-logo-3.png]
[wantedfornothing.com/wp-content/uploads/2018/10/services-case-logo-1.png]
[wantedfornothing.com/wp-content/uploads/2018/11/services-case-logo-2.png]
[wantedfornothing.com/wp-content/uploads/2019/01/laravel.svg]
[wantedfornothing.com/wp-content/uploads/2019/01/vuejs-2.svg]
[wantedfornothing.com/services/web-development/index.html]
[wantedfornothing.com/wp-content/uploads/2018/10/services-icon-websites.svg]
[wantedfornothing.com/wp-content/uploads/2019/01/docker.svg]
[wantedfornothing.com/wp-json/oembed/1.0/embed08ef.json]
[wantedfornothing.com/wp-json/oembed/1.0/embed80b0]
[wantedfornothing.com/wp-content/uploads/2019/01/woocommerce.svg]
[wantedfornothing.com/wp-content/uploads/2019/01/amazon.svg]
[wantedfornothing.com/wp-content/uploads/2019/01/ebay.svg]
[wantedfornothing.com/wp-content/uploads/2019/01/fedex.svg]
[wantedfornothing.com/wp-content/uploads/2019/01/usps.svg]
[wantedfornothing.com/wp-content/uploads/2019/01/ups.svg]
[wantedfornothing.com/wp-content/uploads/2019/01/apple_pay.svg]
[wantedfornothing.com/wp-content/uploads/2018/11/services-case-logo-8.png]
[wantedfornothing.com/wp-content/uploads/2019/01/stripe.svg]
[wantedfornothing.com/wp-content/uploads/2019/01/braintree-cropped.svg]
[wantedfornothing.com/services/e-commerce/index.html]
[wantedfornothing.com/wp-content/uploads/2018/10/services-icon-ecommerce.svg]
[wantedfornothing.com/wp-content/uploads/2019/01/authorize.svg]
[wantedfornothing.com/wp-json/oembed/1.0/embed8668.json]
[wantedfornothing.com/wp-json/oembed/1.0/embed5aca]
[wantedfornothing.com/wp-content/uploads/2019/01/reactjs.svg]
[wantedfornothing.com/wp-content/uploads/2019/01/nodejs.svg]
[wantedfornothing.com/wp-content/uploads/2019/01/sass.svg]
[wantedfornothing.com/wp-content/uploads/2019/01/less.svg]
[wantedfornothing.com/wp-content/uploads/2019/01/gulp.svg]
[wantedfornothing.com/services/web-applications/index.html]
[wantedfornothing.com/wp-content/uploads/2018/10/services-icon-apps.svg]
[wantedfornothing.com/wp-content/uploads/2019/01/webpack-cropped.svg]
[wantedfornothing.com/wp-json/oembed/1.0/embede154.json]
[wantedfornothing.com/wp-json/oembed/1.0/embed783e]
[wantedfornothing.com/wp-content/uploads/2019/02/marketo.svg]
[wantedfornothing.com/wp-content/uploads/2019/02/mailchimp.svg]
[wantedfornothing.com/wp-content/uploads/2019/02/kissmetrics.svg]
[wantedfornothing.com/wp-content/uploads/2019/02/drip.svg]
[wantedfornothing.com/wp-content/uploads/2019/02/unbounce.svg]
[wantedfornothing.com/wp-content/uploads/2019/02/optimizely.svg]
[wantedfornothing.com/wp-content/uploads/2019/02/hubspot.svg]
[wantedfornothing.com/services/tech-consultancy/index.html]
[wantedfornothing.com/wp-content/uploads/2018/10/tech-consultancy-icon.svg]
[wantedfornothing.com/wp-content/uploads/2019/02/crazy_egg.svg]
[wantedfornothing.com/wp-json/oembed/1.0/embed3e25.json]
[wantedfornothing.com/wp-json/oembed/1.0/embed0688]
[wantedfornothing.com/wp-content/uploads/2019/01/logo-1.png]
[wantedfornothing.com/wp-content/uploads/2019/01/color-fe8756.png]
[wantedfornothing.com/wp-content/uploads/2019/01/color-2b3f50.png]
[wantedfornothing.com/wp-content/uploads/2019/01/color-112230.png]
[wantedfornothing.com/wp-content/uploads/2019/01/color-d8dbde.png]
[wantedfornothing.com/wp-content/uploads/2018/10/quantum-1-1.png]
[wantedfornothing.com/wp-content/uploads/2018/10/quantum-2.png]
[wantedfornothing.com/wp-content/uploads/2018/10/quantum-3.png]
[wantedfornothing.com/wp-content/uploads/2018/10/quantum-4-1.png]
[wantedfornothing.com/wp-content/uploads/2018/10/quantum-video.png]
[wantedfornothing.com/wp-content/uploads/2019/01/img-1-1.png]
[wantedfornothing.com/wp-content/uploads/2019/01/img-2-1.png]
[wantedfornothing.com/wp-content/uploads/2019/01/img-3-1.png]
[wantedfornothing.com/wp-content/uploads/2019/01/img-4-1.png]
[wantedfornothing.com/wp-content/uploads/2019/01/img-5-1.png]
[wantedfornothing.com/wp-content/uploads/2019/01/img-8-1.png]
[wantedfornothing.com/wp-content/uploads/2019/01/img-6-1.png]
[wantedfornothing.com/wp-content/uploads/2019/01/img-7-1.png]
[wantedfornothing.com/wp-content/uploads/2019/01/img-9-1.png]
[wantedfornothing.com/wp-content/uploads/2018/10/quantum-6.png]
[wantedfornothing.com/wp-content/uploads/2019/01/img-11.png]
[wantedfornothing.com/wp-content/uploads/2018/10/quantum-7.png]
[wantedfornothing.com/works/quantum-sponsor/index.html]
[wantedfornothing.com/wp-json/oembed/1.0/embed5bb9.json]
[wantedfornothing.com/wp-json/oembed/1.0/embed705d]
[wantedfornothing.com/wp-content/uploads/2019/01/telmd-banner-desktop.jpg]
[wantedfornothing.com/wp-content/uploads/2019/01/telmd-logo-.png]
[wantedfornothing.com/wp-content/uploads/2019/01/Tel-Md-Colors-1.png]
[wantedfornothing.com/wp-content/uploads/2019/01/Tel-Md-Colors-2.png]
[wantedfornothing.com/wp-content/uploads/2019/01/Tel-Md-Colors-3.png]
[wantedfornothing.com/wp-content/uploads/2019/01/Tel-Md-Colors-4.png]
[wantedfornothing.com/wp-content/uploads/2019/01/telmd-Dashboard-User.png]
[wantedfornothing.com/wp-content/uploads/2019/01/telmd-SignUp.png]
[wantedfornothing.com/wp-content/uploads/2019/01/telmd-3-1.jpg]
[wantedfornothing.com/wp-content/uploads/2019/01/teldm-Question.png]
[wantedfornothing.com/wp-content/uploads/2019/01/telmd-5.jpg]
[wantedfornothing.com/wp-content/uploads/2019/01/telmd-Dasboard-2.png]
[wantedfornothing.com/wp-content/uploads/2019/01/telmd-Edit-account-1.png]
[wantedfornothing.com/wp-content/uploads/2019/01/telmd-Notifications-1.png]
[wantedfornothing.com/works/telmd/index.html]
[wantedfornothing.com/wp-json/oembed/1.0/embed8588.json]
[wantedfornothing.com/wp-json/oembed/1.0/embedbf8d]
[wantedfornothing.com/wp-content/uploads/2019/01/logo.png]
[wantedfornothing.com/wp-content/uploads/2019/01/color-1.png]
[wantedfornothing.com/wp-content/uploads/2019/01/color-2.png]
[wantedfornothing.com/wp-content/uploads/2019/01/color-3.png]
[wantedfornothing.com/wp-content/uploads/2019/01/color-4.png]
[wantedfornothing.com/wp-content/uploads/2019/01/matboard-1.1.png]
[wantedfornothing.com/wp-content/uploads/2019/01/matboard-2.png]
[wantedfornothing.com/wp-content/uploads/2019/01/matboard-3.png]
[wantedfornothing.com/wp-content/uploads/2019/01/matboard-4.png]
[wantedfornothing.com/wp-content/uploads/2019/01/matboard-5.png]
[wantedfornothing.com/wp-content/uploads/2019/01/matboard-7.png]
[wantedfornothing.com/wp-content/uploads/2019/01/matboard-8.png]
[wantedfornothing.com/wp-content/uploads/2019/01/matboard-10.png]
[wantedfornothing.com/works/mbc/index.html]
[wantedfornothing.com/wp-json/oembed/1.0/embed4094.json]
[wantedfornothing.com/wp-json/oembed/1.0/embed3c7b]
[wantedfornothing.com/wp-content/uploads/2018/10/works-img-2.png]
[wantedfornothing.com/wp-content/uploads/2018/10/works-img-4-1.png]
[wantedfornothing.com/wp-content/uploads/2018/10/works-img-4-2.png]
[wantedfornothing.com/wp-content/uploads/2018/10/works-img-4-3.png]
[wantedfornothing.com/wp-content/uploads/2018/10/works-img-4-4.png]
[wantedfornothing.com/wp-content/uploads/2018/10/works-img-5.jpg]
[wantedfornothing.com/wp-content/uploads/2018/10/works-img-6.jpg]
[wantedfornothing.com/wp-content/uploads/2018/10/works-img-7.jpg]
[wantedfornothing.com/wp-content/uploads/2018/10/works-img-7-1.jpg]
[wantedfornothing.com/wp-content/uploads/2018/10/works-img-9.png]
[wantedfornothing.com/wp-content/uploads/2018/10/works-img-10.jpg]
[wantedfornothing.com/wp-content/uploads/2018/10/works-img-12.jpg]
[wantedfornothing.com/wp-content/uploads/2018/10/works-img-13.jpg]
[wantedfornothing.com/wp-content/uploads/2018/10/works-img-14.jpg]
[wantedfornothing.com/wp-content/uploads/2018/10/works-img-15.jpg]
[wantedfornothing.com/wp-content/uploads/2018/10/works-img-19.png]
[wantedfornothing.com/wp-content/uploads/2018/10/works-img-16.jpg]
[wantedfornothing.com/wp-content/uploads/2018/10/works-img-17.jpg]
[wantedfornothing.com/wp-content/uploads/2018/10/works-img-18.jpg]
[wantedfornothing.com/works/sporteluxe/index.html]
[wantedfornothing.com/wp-json/oembed/1.0/embed3a60.json]
[wantedfornothing.com/wp-json/oembed/1.0/embed46c5]
[wantedfornothing.com/wp-content/uploads/2019/10/Untitled-13.png]
[wantedfornothing.com/wp-content/uploads/2019/10/Untitled-34.png]
[wantedfornothing.com/wp-content/uploads/2019/10/Untitled-35.png]
[wantedfornothing.com/wp-content/uploads/2019/10/Untitled-36.png]
[wantedfornothing.com/wp-content/uploads/2019/10/Untitled-37.png]
[wantedfornothing.com/wp-content/uploads/2019/10/11.png]
[wantedfornothing.com/wp-content/uploads/2019/10/22.png]
[wantedfornothing.com/wp-content/uploads/2019/10/Untitled-1.png]
[wantedfornothing.com/wp-content/uploads/2019/10/Untitled-2.jpg]
[wantedfornothing.com/wp-content/uploads/2019/10/Untitled-3.jpg]
[wantedfornothing.com/wp-content/uploads/2019/10/Untitled-4.png]
[wantedfornothing.com/wp-content/uploads/2019/10/Untitled-5.png]
[wantedfornothing.com/wp-content/uploads/2019/10/Untitled-6.png]
[wantedfornothing.com/wp-content/uploads/2019/10/Untitled-7.png]
[wantedfornothing.com/wp-content/uploads/2019/10/Untitled-8.png]
[wantedfornothing.com/works/anna-rowley/index.html]
[wantedfornothing.com/wp-json/oembed/1.0/embed4383.json]
[wantedfornothing.com/wp-json/oembed/1.0/embed2e26]
[wantedfornothing.com/wp-content/uploads/2019/10/Untitled-15.png]
[wantedfornothing.com/wp-content/uploads/2019/10/Untitled-16.png]
[wantedfornothing.com/wp-content/uploads/2019/10/2-1.png]
[wantedfornothing.com/wp-content/uploads/2019/10/3-1.png]
[wantedfornothing.com/wp-content/uploads/2019/10/4.png]
[wantedfornothing.com/wp-content/uploads/2019/10/Untitled-20.png]
[wantedfornothing.com/wp-content/uploads/2019/10/Untitled-21.png]
[wantedfornothing.com/wp-content/uploads/2019/10/Untitled-24.jpg]
[wantedfornothing.com/wp-content/uploads/2019/10/Untitled-25.jpg]
[wantedfornothing.com/wp-content/uploads/2019/10/Untitled-26.png]
[wantedfornothing.com/wp-content/uploads/2019/10/Untitled-27.png]
[wantedfornothing.com/wp-content/uploads/2019/10/Untitled-28.jpg]
[wantedfornothing.com/wp-content/uploads/2019/10/Untitled-29.png]
[wantedfornothing.com/wp-content/uploads/2019/10/Untitled-30.png]
[wantedfornothing.com/wp-content/uploads/2019/10/Untitled-31.png]
[wantedfornothing.com/wp-content/uploads/2019/10/Untitled-32.png]
[wantedfornothing.com/wp-content/uploads/2019/10/Untitled-33.png]
[wantedfornothing.com/works/vista-point-mortgage/index.html]
[wantedfornothing.com/technologies/braintree/index.html]
[wantedfornothing.com/POST.html]
[wantedfornothing.com/index5643.html]
[wantedfornothing.com/wp-json/oembed/1.0/embed7828.json]
[wantedfornothing.com/wp-json/oembed/1.0/embedbf9d]
[wantedfornothing.com/wp-content/uploads/2019/01/ILEC-Live-Streaming-Logo_White-copy.png]
[wantedfornothing.com/wp-content/uploads/2019/01/Ilec-colors-1.png]
[wantedfornothing.com/wp-content/uploads/2019/01/Ilec-colors-2.png]
[wantedfornothing.com/wp-content/uploads/2019/01/Ilec-colors-3.png]
[wantedfornothing.com/wp-content/uploads/2019/01/Ilec-colors-4.png]
[wantedfornothing.com/wp-content/uploads/2018/12/ilec-1.jpg]
[wantedfornothing.com/wp-content/uploads/2018/12/ilec-2.png]
[wantedfornothing.com/wp-content/uploads/2018/12/ilec-3.jpg]
[wantedfornothing.com/wp-content/uploads/2018/12/ilec-4.jpg]
[wantedfornothing.com/wp-content/uploads/2018/12/ilec-12.png]
[wantedfornothing.com/wp-content/uploads/2018/12/ilec-5.png]
[wantedfornothing.com/wp-content/uploads/2018/12/ilec-11.png]
[wantedfornothing.com/wp-content/uploads/2018/12/ilec-9.png]
[wantedfornothing.com/wp-content/uploads/2018/12/ilec-10.png]
[wantedfornothing.com/wp-content/uploads/2018/12/ilec-8.png]
[wantedfornothing.com/works/ilec/index.html]
[wantedfornothing.com/index4170.html]
[wantedfornothing.com/wp-content/uploads/2018/11/about-icon-plus.svg]
[wantedfornothing.com/wp-content/uploads/2018/11/about-icon-heart.svg]
[wantedfornothing.com/wp-content/uploads/2018/11/about-icon-diverse-team-.svg]
[wantedfornothing.com/wp-content/uploads/2018/10/services-icon-platforms.svg]
[wantedfornothing.com/wp-content/uploads/2018/11/value-cretion-icon.svg]
[wantedfornothing.com/wp-content/uploads/2018/12/about-team-icon-1.svg]
[wantedfornothing.com/index6c46.html]
[wantedfornothing.com/indexe513.html]
[wantedfornothing.com/index5a24.html]
[wantedfornothing.com/wp-content/uploads/2019/01/sketch-1.svg]
[wantedfornothing.com/wp-content/uploads/2019/01/photoshop-1.svg]
[wantedfornothing.com/wp-content/uploads/2019/01/adobe-1.svg]
[wantedfornothing.com/wp-content/uploads/2019/01/zeplin.svg]
[wantedfornothing.com/wp-content/uploads/2019/01/invision.svg]
[wantedfornothing.com/index153d.html]
[wantedfornothing.com/wp-content/uploads/2019/01/figma.svg]
[wantedfornothing.com/indexe6f0.html]
[wantedfornothing.com/index3f5a.html]
[wantedfornothing.com/wp-content/uploads/2019/01/adobe-ae.svg]
[wantedfornothing.com/wp-content/uploads/2019/01/adobe-round-xd-1.svg]
[wantedfornothing.com/index8320.html]
[wantedfornothing.com/wp-content/uploads/2019/01/laravel.svg]
[wantedfornothing.com/wp-content/uploads/2019/01/vuejs-2.svg]
[wantedfornothing.com/wp-content/uploads/2019/01/docker.svg]
[wantedfornothing.com/index30a5.html]
[wantedfornothing.com/wp-content/uploads/2019/01/woocommerce.svg]
[wantedfornothing.com/wp-content/uploads/2019/01/amazon.svg]
[wantedfornothing.com/wp-content/uploads/2019/01/ebay.svg]
[wantedfornothing.com/wp-content/uploads/2019/01/fedex.svg]
[wantedfornothing.com/wp-content/uploads/2019/01/usps.svg]
[wantedfornothing.com/wp-content/uploads/2019/01/ups.svg]
[wantedfornothing.com/wp-content/uploads/2019/01/apple_pay.svg]
[wantedfornothing.com/wp-content/uploads/2019/01/stripe.svg]
[wantedfornothing.com/wp-content/uploads/2019/01/braintree-cropped.svg]
[wantedfornothing.com/wp-content/uploads/2019/01/authorize.svg]
[wantedfornothing.com/indexbbbb.html]
[wantedfornothing.com/wp-content/uploads/2019/01/reactjs.svg]
[wantedfornothing.com/wp-content/uploads/2019/01/nodejs.svg]
[wantedfornothing.com/wp-content/uploads/2019/01/sass.svg]
[wantedfornothing.com/wp-content/uploads/2019/01/less.svg]
[wantedfornothing.com/wp-content/uploads/2019/01/gulp.svg]
[wantedfornothing.com/wp-content/uploads/2019/01/webpack-cropped.svg]
[wantedfornothing.com/index460d.html]
[wantedfornothing.com/wp-content/uploads/2019/02/marketo.svg]
[wantedfornothing.com/wp-content/uploads/2019/02/mailchimp.svg]
[wantedfornothing.com/wp-content/uploads/2019/02/kissmetrics.svg]
[wantedfornothing.com/wp-content/uploads/2019/02/drip.svg]
[wantedfornothing.com/wp-content/uploads/2019/02/unbounce.svg]
[wantedfornothing.com/wp-content/uploads/2019/02/optimizely.svg]
[wantedfornothing.com/wp-content/uploads/2019/02/hubspot.svg]
[wantedfornothing.com/wp-content/uploads/2019/02/crazy_egg.svg]
[wantedfornothing.com/index17d3.html]
[wantedfornothing.com/indexb645.html]
[wantedfornothing.com/index1263.html]
[wantedfornothing.com/index2586.html]
[wantedfornothing.com/index028e.html]
[wantedfornothing.com/index094a.html]
[wantedfornothing.com/index2d25.html]
